
There are no discarded input sections

Memory Configuration

Name             Origin             Length             Attributes
CCMRAM           0x10000000         0x00010000         xrw
RAM              0x20000000         0x00020000         xrw
FLASH            0x08000000         0x00100000         xr
*default*        0x00000000         0xffffffff

Linker script and memory map

                0x00000400                        _MIN_SIZE_STACK = 0x400
                0x00000200                        _MIN_SIZE_HEAP = 0x200
                0x20020000                        _estack = (ORIGIN (RAM) + LENGTH (RAM))

.isr_vector     0x08000000      0x188
                0x08000000                        . = ALIGN (0x4)
 *(.isr_vector)
 .isr_vector    0x08000000      0x188 start_up.o
                0x08000000                Vector_Table
 *(.isr_vector*)
                0x08000188                        . = ALIGN (0x4)

.text           0x08000188      0x148
                0x08000188                        _stext = .
                0x08000188                        . = ALIGN (0x4)
 *(.text)
 .text          0x08000188        0xc app.o
                0x08000188                main
 .text          0x08000194      0x13c start_up.o
                0x080001ac                Reset_Handler
                0x080002b8                FLASH_Handler
                0x080002b8                SVCall_Handler
                0x080002b8                DMA2_Stream7_Handler
                0x080002b8                OTG_HS_Handler
                0x080002b8                HardFault_Handler
                0x080002b8                DMA2_Stream3_Handler
                0x080002b8                SysTick_Handler
                0x080002b8                USART3_Handler
                0x080002b8                PendSV_Handler
                0x080002b8                NMI_Handler
                0x080002b8                TIM6_DAC_Handler
                0x080002b8                CAN1_RX1_Handler
                0x080002b8                EXTI15_10_Handler
                0x080002b8                ADC_Handler
                0x080002b8                HASH_RNG_Handler
                0x080002b8                I2C1_EV_Handler
                0x080002b8                TAMP_STAMP_Handler
                0x080002b8                I2C3_ER_Handler
                0x080002b8                WWDG_Handler
                0x080002b8                EXTI4_Handler
                0x080002b8                I2C3_EV_Handler
                0x080002b8                DMA1_Stream1_Handler
                0x080002b8                DMA2_Stream4_Handler
                0x080002b8                DMA1_Stream7_Handler
                0x080002b8                OTG_FS_Handler
                0x080002b8                ETH_WKUP_Handler
                0x080002b8                TIM1_BRK_TIM9_Handler
                0x080002b8                I2C1_ER_Handler
                0x080002b8                DMA1_Stream3_Handler
                0x080002b8                UsageFault_Handler
                0x080002b8                TIM1_UP_TIM10_Handler
                0x080002b8                CAN1_RX0_Handler
                0x080002b8                TIM1_CC_Handler
                0x080002b8                I2C2_ER_Handler
                0x080002b8                USART6_Handler
                0x080002b8                TIM8_CC_Handler
                0x080002b8                CAN1_SCE_Handler
                0x080002b8                DMA1_Stream0_Handler
                0x080002b8                OTG_HS_EP1_OUT_Handler
                0x080002b8                FSMC_Handler
                0x080002b8                EXTI1_Handler
                0x080002b8                RTC_WKUP_Handler
                0x080002b8                EXTI3_Handler
                0x080002b8                CRYP_Handler
                0x080002b8                EXTI2_Handler
                0x080002b8                UART4_Handler
                0x080002b8                CAN2_RX1_Handler
                0x080002b8                EXTI9_5_Handler
                0x080002b8                TIM2_Handler
                0x080002b8                USART1_Handler
                0x080002b8                CAN2_SCE_Handler
                0x080002b8                TIM3_Handler
                0x080002b8                DMA2_Stream6_Handler
                0x080002b8                Default_Handler
                0x080002b8                DCMI_Handler
                0x080002b8                TIM1_TRG_COM_TIM11_Handler
                0x080002b8                RTC_Alarm_Handler
                0x080002b8                TIM4_Handler
                0x080002b8                TIM8_UP_TIM13_Handler
                0x080002b8                CAN2_TX_Handler
                0x080002b8                SPI2_Handler
                0x080002b8                DMA2_Stream1_Handler
                0x080002b8                DMA1_Stream2_Handler
                0x080002b8                MemManage_Handler
                0x080002b8                EXTI0_Handler
                0x080002b8                TIM8_BRK_TIM12_Handler
                0x080002b8                CAN2_RX0_Handler
                0x080002b8                DMA2_Stream5_Handler
                0x080002b8                DMA1_Stream6_Handler
                0x080002b8                SDIO_Handler
                0x080002b8                USART2_Handler
                0x080002b8                ETH_Handler
                0x080002b8                SPI1_Handler
                0x080002b8                I2C2_EV_Handler
                0x080002b8                DMA2_Stream2_Handler
                0x080002b8                SPI3_Handler
                0x080002b8                DMA2_Stream0_Handler
                0x080002b8                RCC_Handler
                0x080002b8                PVD_Handler
                0x080002b8                UART5_Handler
                0x080002b8                DMA1_Stream5_Handler
                0x080002b8                TIM5_Handler
                0x080002b8                TIM7_Handler
                0x080002b8                TIM8_TRG_COM_TIM14_Handler
                0x080002b8                CAN1_TX_Handler
                0x080002b8                FPU_Handler
                0x080002b8                BusFault_Handler
                0x080002b8                DMA1_Stream4_Handler
                0x080002b8                DebugMonitor_Handler
                0x080002b8                OTG_HS_WKUP_Handler
                0x080002b8                OTG_FS_WKUP_Handler
                0x080002b8                OTG_HS_EP1_IN_Handler
 *(.text*)
                0x080002d0                        . = ALIGN (0x4)
                0x080002d0                        _etext = .

.glue_7         0x080002d0        0x0
 .glue_7        0x080002d0        0x0 linker stubs

.glue_7t        0x080002d0        0x0
 .glue_7t       0x080002d0        0x0 linker stubs

.vfp11_veneer   0x080002d0        0x0
 .vfp11_veneer  0x080002d0        0x0 linker stubs

.v4_bx          0x080002d0        0x0
 .v4_bx         0x080002d0        0x0 linker stubs

.iplt           0x080002d0        0x0
 .iplt          0x080002d0        0x0 start_up.o

.rodata         0x080002d0        0x4
                0x080002d0                        _srodata = .
                0x080002d0                        . = ALIGN (0x4)
 *(.rodata)
 .rodata        0x080002d0        0x4 start_up.o
                0x080002d0                MSP_value
 *(.rodata*)
                0x080002d4                        . = ALIGN (0x4)
                0x080002d4                        _erodata = .
                0x080002d4                        _sidata = LOADADDR (.data)

.rel.dyn        0x080002d4        0x0
 .rel.iplt      0x080002d4        0x0 start_up.o

.data           0x20000000        0x8 load address 0x080002d4
                0x20000000                        _sdata = .
                0x20000000                        . = ALIGN (0x4)
 *(.data)
 .data          0x20000000        0x8 app.o
                0x20000000                var1
                0x20000004                var2
 .data          0x20000008        0x0 start_up.o
 *(.data*)
                0x20000008                        . = ALIGN (0x4)
                0x20000008                        _edata = .

.igot.plt       0x20000008        0x0 load address 0x080002dc
 .igot.plt      0x20000008        0x0 start_up.o

.bss            0x20000008        0x0 load address 0x080002dc
                0x20000008                        _sbss = .
                0x20000008                        . = ALIGN (0x4)
 *(.bss)
 .bss           0x20000008        0x0 app.o
 .bss           0x20000008        0x0 start_up.o
 *(.bss*)
                0x20000008                        . = ALIGN (0x4)
                0x20000008                        _ebss = .
LOAD app.o
LOAD start_up.o
OUTPUT(alaa.elf elf32-littlearm)
LOAD linker stubs

.comment        0x00000000       0x44
 .comment       0x00000000       0x44 app.o
                                 0x45 (size before relaxing)
 .comment       0x00000044       0x45 start_up.o

.ARM.attributes
                0x00000000       0x2a
 .ARM.attributes
                0x00000000       0x2a app.o
 .ARM.attributes
                0x0000002a       0x2a start_up.o
